
> prompting-test-project@0.1.0 build
> next build

  ▲ Next.js 14.2.32
  - Environments: .env.local, .env.production

   Creating an optimized production build ...
 ⚠ Compiled with warnings

./node_modules/@prisma/instrumentation/node_modules/@opentelemetry/instrumentation/build/esm/platform/node/instrumentation.js
Critical dependency: the request of a dependency is an expression

Import trace for requested module:
./node_modules/@prisma/instrumentation/node_modules/@opentelemetry/instrumentation/build/esm/platform/node/instrumentation.js
./node_modules/@prisma/instrumentation/node_modules/@opentelemetry/instrumentation/build/esm/platform/node/index.js
./node_modules/@prisma/instrumentation/node_modules/@opentelemetry/instrumentation/build/esm/platform/index.js
./node_modules/@prisma/instrumentation/node_modules/@opentelemetry/instrumentation/build/esm/index.js
./node_modules/@prisma/instrumentation/dist/index.js
./node_modules/@sentry/node/build/cjs/integrations/tracing/prisma.js
./node_modules/@sentry/node/build/cjs/index.js
./node_modules/@sentry/nextjs/build/cjs/index.server.js
./app/error.tsx

./node_modules/require-in-the-middle/index.js
Critical dependency: require function is used in a way in which dependencies cannot be statically extracted

Import trace for requested module:
./node_modules/require-in-the-middle/index.js
./node_modules/@opentelemetry/instrumentation/build/esm/platform/node/instrumentation.js
./node_modules/@opentelemetry/instrumentation/build/esm/platform/node/index.js
./node_modules/@opentelemetry/instrumentation/build/esm/platform/index.js
./node_modules/@opentelemetry/instrumentation/build/esm/index.js
./node_modules/@sentry/node/build/cjs/integrations/tracing/postgresjs.js
./node_modules/@sentry/node/build/cjs/index.js
./node_modules/@sentry/nextjs/build/cjs/index.server.js
./app/error.tsx

./node_modules/@prisma/instrumentation/node_modules/@opentelemetry/instrumentation/build/esm/platform/node/instrumentation.js
Critical dependency: the request of a dependency is an expression

Import trace for requested module:
./node_modules/@prisma/instrumentation/node_modules/@opentelemetry/instrumentation/build/esm/platform/node/instrumentation.js
./node_modules/@prisma/instrumentation/node_modules/@opentelemetry/instrumentation/build/esm/platform/node/index.js
./node_modules/@prisma/instrumentation/node_modules/@opentelemetry/instrumentation/build/esm/platform/index.js
./node_modules/@prisma/instrumentation/node_modules/@opentelemetry/instrumentation/build/esm/index.js
./node_modules/@prisma/instrumentation/dist/index.js
./node_modules/@sentry/node/build/cjs/integrations/tracing/prisma.js
./node_modules/@sentry/node/build/cjs/index.js
./node_modules/@sentry/nextjs/build/cjs/index.server.js
./app/api/errors/route.ts

./node_modules/require-in-the-middle/index.js
Critical dependency: require function is used in a way in which dependencies cannot be statically extracted

Import trace for requested module:
./node_modules/require-in-the-middle/index.js
./node_modules/@opentelemetry/instrumentation/build/esm/platform/node/instrumentation.js
./node_modules/@opentelemetry/instrumentation/build/esm/platform/node/index.js
./node_modules/@opentelemetry/instrumentation/build/esm/platform/index.js
./node_modules/@opentelemetry/instrumentation/build/esm/index.js
./node_modules/@sentry/node/build/cjs/integrations/tracing/postgresjs.js
./node_modules/@sentry/node/build/cjs/index.js
./node_modules/@sentry/nextjs/build/cjs/index.server.js
./app/api/errors/route.ts

   Linting and checking validity of types ...

./components/provider/analytics/ProviderAnalyticsDashboard.tsx
68:6  Warning: React Hook useEffect has a missing dependency: 'fetchAnalytics'. Either include it or remove the dependency array.  react-hooks/exhaustive-deps

./components/provider/dashboard/RecentActivity.tsx
71:6  Warning: React Hook useEffect has a missing dependency: 'fetchActivities'. Either include it or remove the dependency array.  react-hooks/exhaustive-deps

./components/provider/profile/AvailabilitySection.tsx
58:6  Warning: React Hook useEffect has a missing dependency: 'loadAvailability'. Either include it or remove the dependency array.  react-hooks/exhaustive-deps

./components/provider/provider-dashboard-client.tsx
61:6  Warning: React Hook useEffect has a missing dependency: 'fetchMetrics'. Either include it or remove the dependency array.  react-hooks/exhaustive-deps

./lib/hooks/use-provider-search.ts
210:6  Warning: React Hook useEffect has a missing dependency: 'updateURL'. Either include it or remove the dependency array.  react-hooks/exhaustive-deps
294:6  Warning: React Hook useEffect has a missing dependency: 'buildQueryKey'. Either include it or remove the dependency array.  react-hooks/exhaustive-deps

info  - Need to disable some ESLint rules? Learn more here: https://nextjs.org/docs/basic-features/eslint#disabling-rules
Failed to compile.

./components/provider/onboarding/OnboardingNavigation.tsx:89:21
Type error: Argument of type 'unknown' is not assignable to parameter of type 'string | number | bigint | boolean | ReactElement<any, string | JSXElementConstructor<any>> | Iterable<ReactNode> | ... 4 more ... | undefined'.

[0m [90m 87 |[39m       [0m
[0m [90m 88 |[39m       [36mif[39m (errorMessages[33m.[39mlength [33m>[39m [35m0[39m) {[0m
[0m[31m[1m>[22m[39m[90m 89 |[39m         toast[33m.[39merror(errorMessages[[35m0[39m][33m,[39m {[0m
[0m [90m    |[39m                     [31m[1m^[22m[39m[0m
[0m [90m 90 |[39m           description[33m:[39m errorMessages[33m.[39mlength [33m>[39m [35m1[39m [0m
[0m [90m 91 |[39m             [33m?[39m [32m`And ${errorMessages.length - 1} more issue${errorMessages.length > 2 ? 's' : ''}`[39m[0m
[0m [90m 92 |[39m             [33m:[39m undefined[33m,[39m[0m
Next.js build worker exited with code: 1 and signal: null
